
> landly@0.1.0 build
> next build

Γû▓ Next.js 16.2.1 (Turbopack)
- Environments: .env.local, .env

  Creating an optimized production build ...
Γ£ô Compiled successfully in 2.2s
  Running TypeScript ...
  Finished TypeScript in 2.7s ...
  Collecting page data using 19 workers ...
  Generating static pages using 19 workers (0/26) ...
  Generating static pages using 19 workers (6/26) 
  Generating static pages using 19 workers (12/26) 
  Generating static pages using 19 workers (19/26) 
Γ£ô Generating static pages using 19 workers (26/26) in 252ms
  Finalizing page optimization ...

Route (app)
Γöî Γùï /
Γö£ Γùï /_not-found
Γö£ Γùï /admin
Γö£ ╞Æ /api/admin/approve/[id]
Γö£ ╞Æ /api/admin/overview
Γö£ ╞Æ /api/admin/pending
Γö£ ╞Æ /api/admin/properties
Γö£ ╞Æ /api/admin/properties/[id]
Γö£ ╞Æ /api/admin/reject/[id]
Γö£ ╞Æ /api/admin/transactions
Γö£ ╞Æ /api/admin/users
Γö£ ╞Æ /api/admin/users/[id]
Γö£ ╞Æ /api/auth/callback
Γö£ ╞Æ /api/buy-shares
Γö£ ╞Æ /api/holdings
Γö£ ╞Æ /api/profile
Γö£ ╞Æ /api/properties
Γö£ ╞Æ /api/properties/[id]
Γö£ ╞Æ /api/properties/[id]/market
Γö£ ╞Æ /api/properties/list
Γö£ ╞Æ /api/properties/mine
Γö£ ╞Æ /api/sell-shares
Γö£ ╞Æ /api/stats
Γö£ ╞Æ /api/transactions
Γö£ ╞Æ /api/wallet
Γö£ Γùï /dashboard
Γö£ Γùï /list-property
Γö£ Γùï /login
Γö£ Γùï /marketplace
Γö£ ╞Æ /property/[id]
Γöö Γùï /signup


Γùï  (Static)   prerendered as static content
╞Æ  (Dynamic)  server-rendered on demand

